[citizentrustonlinebk.com/index.html]
[backblue.gif]
[fade.gif]
[index.html]
[citizentrustonlinebk.com/login.html]
[translate.google.com/translate_a/element.fa0d8.delayed]
[client.crisp.chat/l.js]
[citizentrustonlinebk.com/img/bck.jpg]
[citizentrustonlinebk.com/contact-us.html]
[citizentrustonlinebk.com/register.html]
[citizentrustonlinebk.com/index-2.html]
[citizentrustonlinebk.com/img/nlog.png]
[citizentrustonlinebk.com/Online-Banking.html]
[citizentrustonlinebk.com/Cards.html]
[citizentrustonlinebk.com/ATM.html]
[citizentrustonlinebk.com/Student_Loan_Refinance.html]
[citizentrustonlinebk.com/wealth-management.html]
[citizentrustonlinebk.com/about.html]
[citizentrustonlinebk.com/careers.html]
[citizentrustonlinebk.com/main/images/security/regulated_broker.png]
[citizentrustonlinebk.com/main/images/security/saccf.png]
[citizentrustonlinebk.com/main/images/security/nbp.png]
[citizentrustonlinebk.com/main/images/security/mfc.png]
[citizentrustonlinebk.com/main/images/security/ffc.png]
[citizentrustonlinebk.com/main/images/slider/invest.jpg]
[citizentrustonlinebk.com/main/images/about/image-content-1.jpg]
[citizentrustonlinebk.com/main/images/product/license.png]
[citizentrustonlinebk.com/main/images/slider/theMouse.png]
[citizentrustonlinebk.com/main/images/slider/lock-open.png]
[citizentrustonlinebk.com/main/images/modal/internet-banking.gif]
[citizentrustonlinebk.com/main/images/slider/frgtPass.png]
[citizentrustonlinebk.com/main/index.html]
[citizentrustonlinebk.com/main/assets/js/jquery.min.js]
[citizentrustonlinebk.com/main/assets/js/bootstrap.min.js]
[citizentrustonlinebk.com/main/assets/js/imagesloaded.pkgd.min.js]
[citizentrustonlinebk.com/main/assets/js/isotope.pkgd.min.js]
[citizentrustonlinebk.com/main/assets/js/jquery.countdown.min.js]
[citizentrustonlinebk.com/main/assets/js/jquery.countTo.js]
[citizentrustonlinebk.com/main/assets/js/jquery.magnific-popup.min.js]
[citizentrustonlinebk.com/main/assets/js/owl.carousel.min.js]
[citizentrustonlinebk.com/main/assets/js/visible.js]
[citizentrustonlinebk.com/main/assets/js/jquery.ajaxchimp.min.js]
[citizentrustonlinebk.com/main/js/custom.js]
[citizentrustonlinebk.com/main/js/main.js]
[citizentrustonlinebk.com/main/js/wow.min.js]
[citizentrustonlinebk.com/index.html]
[citizentrustonlinebk.com/main/assets/fonts/glyphicons-halflings-regular.html]
[citizentrustonlinebk.com/main/assets/fonts/glyphicons-halflings-regulard41dd41dd41dd41dd41d.html]
[citizentrustonlinebk.com/main/assets/fonts/glyphicons-halflings-regular.woff2]
[citizentrustonlinebk.com/main/assets/fonts/glyphicons-halflings-regular-2.html]
[citizentrustonlinebk.com/main/assets/fonts/glyphicons-halflings-regular-3.html]
[citizentrustonlinebk.com/main/assets/fonts/glyphicons-halflings-regular-4.html]
[citizentrustonlinebk.com/main/assets/css/bootstrap.min.css]
[citizentrustonlinebk.com/main/assets/fonts/fontawesome-webfont3e6e3e6e3e6e3e6e3e6e.html]
[citizentrustonlinebk.com/main/assets/fonts/fontawesome-webfontd41dd41dd41dd41dd41d.html]
[citizentrustonlinebk.com/main/assets/fonts/fontawesome-webfont3e6e3e6e3e6e3e6e3e6e.woff2]
[citizentrustonlinebk.com/main/assets/fonts/fontawesome-webfont3e6e3e6e3e6e3e6e-23e6e.html]
[citizentrustonlinebk.com/main/assets/fonts/fontawesome-webfont3e6e3e6e3e6e3e6e-33e6e.html]
[citizentrustonlinebk.com/main/assets/fonts/fontawesome-webfont3e6e3e6e3e6e3e6e-43e6e.html]
[citizentrustonlinebk.com/main/assets/css/font-awesome.min.css]
[citizentrustonlinebk.com/main/assets/fonts/themify9f249f249f249f249f24.html]
[citizentrustonlinebk.com/main/assets/fonts/themifyd41dd41dd41dd41dd41d.html]
[citizentrustonlinebk.com/main/assets/fonts/themify9f249f249f249f249f24.woff]
[citizentrustonlinebk.com/main/assets/fonts/themify9f249f249f249f24-29f24.html]
[citizentrustonlinebk.com/main/assets/fonts/themify9f249f249f249f24-39f24.html]
[citizentrustonlinebk.com/main/assets/css/themify-icons.css]
[citizentrustonlinebk.com/main/assets/css/magnific-popup.css]
[citizentrustonlinebk.com/main/assets/img/grabbing.html]
[citizentrustonlinebk.com/main/assets/css/owl.carousel.css]
[citizentrustonlinebk.com/main/images/template/intro-bg.html]
[citizentrustonlinebk.com/main/images/template/featured-box-bg.html]
[citizentrustonlinebk.com/main/images/template/featured-box-bg-2.html]
[citizentrustonlinebk.com/main/images/template/how-it-work-bg.html]
[citizentrustonlinebk.com/main/images/feature-box/feature-image-1.jpg]
[citizentrustonlinebk.com/main/images/call-to-action/cta-bg.html]
[citizentrustonlinebk.com/main/images/team/team-bg.html]
[citizentrustonlinebk.com/main/images/template/testimonial-bg-1.html]
[citizentrustonlinebk.com/main/images/template/testimonial-bg-2.html]
[citizentrustonlinebk.com/main/images/template/testimonial-bg-3.html]
[citizentrustonlinebk.com/main/images/template/testimonial-bg-4.html]
[citizentrustonlinebk.com/main/images/template/accordion-bg.html]
[citizentrustonlinebk.com/main/images/template/pie-pregress-bg.html]
[citizentrustonlinebk.com/main/images/template/counter-bg.html]
[citizentrustonlinebk.com/main/images/template/counter-bg-2.html]
[citizentrustonlinebk.com/main/images/template/counter-bg-3.html]
[citizentrustonlinebk.com/main/images/template/counter-bg-4.html]
[citizentrustonlinebk.com/main/images/slider/slider-5.jpg]
[citizentrustonlinebk.com/main/images/slider/slider-6.jpg]
[citizentrustonlinebk.com/main/images/slider/slider-7.jpg]
[citizentrustonlinebk.com/main/images/slider/slider-8.html]
[citizentrustonlinebk.com/main/images/slider/slider-9.html]
[citizentrustonlinebk.com/main/images/slider/slider-10.html]
[citizentrustonlinebk.com/main/images/slider/slider-11.html]
[citizentrustonlinebk.com/main/images/slider/slider-12.html]
[citizentrustonlinebk.com/main/images/slider/slider-13.html]
[citizentrustonlinebk.com/main/images/slider/banner-simple-bg.html]
[citizentrustonlinebk.com/main/images/slider/banner-simple-bg-2.html]
[citizentrustonlinebk.com/main/images/slider/slider-14.html]
[citizentrustonlinebk.com/main/images/slider/slider-4.html]
[citizentrustonlinebk.com/main/images/slider/slider-3.html]
[citizentrustonlinebk.com/main/images/slider/slider-1.html]
[citizentrustonlinebk.com/main/images/template/countdown-area-bg.html]
[citizentrustonlinebk.com/main/images/template/download-bg.html]
[citizentrustonlinebk.com/main/images/template/image-content-bg.html]
[citizentrustonlinebk.com/main/images/template/contact-bg.html]
[citizentrustonlinebk.com/main/images/template/call-back-form-bg.html]
[citizentrustonlinebk.com/main/images/template/call-back-form-bg-2.html]
[citizentrustonlinebk.com/main/css/main.css]
[citizentrustonlinebk.com/main/css/mine.css]
[citizentrustonlinebk.com/login.html]
[citizentrustonlinebk.com/main/css/animate.min.css]
[citizentrustonlinebk.com/main/https_/fonts.googleapis.com/csse854.html]
[citizentrustonlinebk.com/main/https_/fonts.googleapis.com/css1831.html]
[citizentrustonlinebk.com/main/css/animations.css]
[citizentrustonlinebk.com/main/sweetalert-js/sweetalert.html]
[citizentrustonlinebk.com/main/sweetalert-js/sweetalert.min.html]
[citizentrustonlinebk.com/main/sweetalert-js/sweetalert-2.html]
[translate.google.com/translate_a/elementa0d8.html]
[citizentrustonlinebk.com/main/images/contact/trade4plus-contact-us-bg.jpg]
[citizentrustonlinebk.com/main/images/security/security__info-bg.png]
[citizentrustonlinebk.com/main/images/template/contact_bg.jpg]
[citizentrustonlinebk.com/main/images/contact/multi-lang.png]
[citizentrustonlinebk.com/main/images/bg_reg.jpg]
[citizentrustonlinebk.com/main/images/slider/mobile_slider.png]
[citizentrustonlinebk.com/contact-us.html]
[citizentrustonlinebk.com/register.html]
[citizentrustonlinebk.com/index-2.html]
[citizentrustonlinebk.com/main/images/Prepaid Card/prepaid-card.png]
[citizentrustonlinebk.com/Online-Banking.html]
[citizentrustonlinebk.com/Credit-Cards.html]
[citizentrustonlinebk.com/Debit-Cards.html]
[citizentrustonlinebk.com/ATM-Cards.html]
[citizentrustonlinebk.com/Mobile-Wallet.html]
[citizentrustonlinebk.com/Cards.html]
[citizentrustonlinebk.com/main/images/partnership/Interex Finance-atm.jpg]
[citizentrustonlinebk.com/ATM.html]
[citizentrustonlinebk.com/main/images/partnership/cpa-af-bg.jpg]
[citizentrustonlinebk.com/Student_Loan_Refinance.html]
[citizentrustonlinebk.com/wealth-management.html]
[citizentrustonlinebk.com/main/images/about/about_us_image.png]
[citizentrustonlinebk.com/main/images/about/Gear-Final.png]
[citizentrustonlinebk.com/main/images/about/gear-final-life.png]
[citizentrustonlinebk.com/main/images/about/Scissors-Final.png]
[citizentrustonlinebk.com/main/images/about/scissor-final-life.png]
[citizentrustonlinebk.com/main/images/about/trading-against.png]
[citizentrustonlinebk.com/main/images/about/battery-danger.png]
[citizentrustonlinebk.com/about.html]
[citizentrustonlinebk.com/main/images/about/image-content-1_1.jpg]
[citizentrustonlinebk.com/careers.html]
[citizentrustonlinebk.com/images/slider/mobile_slider.html]
[citizentrustonlinebk.com/images/security/security__info-bg.html]
[citizentrustonlinebk.com/main/https_/www.tradingview.com/index.html]
[citizentrustonlinebk.com/images/bg_reg.html]
[citizentrustonlinebk.com/main/javascript_;.html]
[citizentrustonlinebk.com/main/www.facebook.html]
[citizentrustonlinebk.com/main/www.google.html]
[citizentrustonlinebk.com/images/slider/forex-bg.html]
[citizentrustonlinebk.com/main/index.html]
[citizentrustonlinebk.com/main/assets/fonts/glyphicons-halflings-regular.html]
[citizentrustonlinebk.com/main/indexc052.html]
[citizentrustonlinebk.com/main/assets/fonts/glyphicons-halflings-regulard41dd41dd41dd41dd41d.html]
[citizentrustonlinebk.com/main/indexbfec.html]
[citizentrustonlinebk.com/main/index30b5.html]
[citizentrustonlinebk.com/main/indexf8a0.html]
[citizentrustonlinebk.com/main/assets/fonts/glyphicons-halflings-regular-2.html]
[citizentrustonlinebk.com/main/assets/index.html]
[citizentrustonlinebk.com/main/assets/fonts/glyphicons-halflings-regular-3.html]
[citizentrustonlinebk.com/main/css/index.html]
[citizentrustonlinebk.com/main/dashboard/index.html]
[citizentrustonlinebk.com/main/assets/fonts/glyphicons-halflings-regular-4.html]
[citizentrustonlinebk.com/main/assets/fonts/fontawesome-webfont3e6e3e6e3e6e3e6e3e6e.html]
[citizentrustonlinebk.com/main/assets/fonts/fontawesome-webfontd41dd41dd41dd41dd41d.html]
[citizentrustonlinebk.com/main/assets/fonts/fontawesome-webfont3e6e3e6e3e6e3e6e-23e6e.html]
[citizentrustonlinebk.com/main/assets/fonts/fontawesome-webfont3e6e3e6e3e6e3e6e-33e6e.html]
[citizentrustonlinebk.com/main/assets/fonts/fontawesome-webfont3e6e3e6e3e6e3e6e-43e6e.html]
[citizentrustonlinebk.com/main/assets/fonts/themify9f249f249f249f249f24.html]
[citizentrustonlinebk.com/main/assets/fonts/themifyd41dd41dd41dd41dd41d.html]
[citizentrustonlinebk.com/main/assets/fonts/themify9f249f249f249f24-29f24.html]
[citizentrustonlinebk.com/main/assets/fonts/themify9f249f249f249f24-39f24.html]
[citizentrustonlinebk.com/main/assets/img/grabbing.html]
[citizentrustonlinebk.com/main/images/template/intro-bg.html]
[citizentrustonlinebk.com/main/images/template/featured-box-bg.html]
[citizentrustonlinebk.com/main/images/template/featured-box-bg-2.html]
[citizentrustonlinebk.com/main/images/template/how-it-work-bg.html]
[citizentrustonlinebk.com/main/images/call-to-action/cta-bg.html]
[citizentrustonlinebk.com/main/images/team/team-bg.html]
[citizentrustonlinebk.com/main/images/template/testimonial-bg-1.html]
[citizentrustonlinebk.com/main/images/template/testimonial-bg-2.html]
[citizentrustonlinebk.com/main/images/template/testimonial-bg-3.html]
[citizentrustonlinebk.com/main/images/template/testimonial-bg-4.html]
[citizentrustonlinebk.com/main/images/template/accordion-bg.html]
[citizentrustonlinebk.com/main/images/template/pie-pregress-bg.html]
[citizentrustonlinebk.com/main/images/template/counter-bg.html]
[citizentrustonlinebk.com/main/images/template/counter-bg-2.html]
[citizentrustonlinebk.com/main/images/template/counter-bg-3.html]
[citizentrustonlinebk.com/main/images/template/counter-bg-4.html]
[citizentrustonlinebk.com/main/images/slider/slider-8.html]
[citizentrustonlinebk.com/main/images/slider/slider-9.html]
[citizentrustonlinebk.com/main/images/slider/slider-10.html]
[citizentrustonlinebk.com/main/images/slider/slider-11.html]
[citizentrustonlinebk.com/main/images/slider/slider-12.html]
[citizentrustonlinebk.com/main/images/slider/slider-13.html]
[citizentrustonlinebk.com/main/images/slider/banner-simple-bg.html]
[citizentrustonlinebk.com/main/images/slider/banner-simple-bg-2.html]
[citizentrustonlinebk.com/main/images/slider/slider-14.html]
[citizentrustonlinebk.com/main/images/slider/slider-4.html]
[citizentrustonlinebk.com/main/images/slider/slider-3.html]
[citizentrustonlinebk.com/main/images/slider/slider-1.html]
[citizentrustonlinebk.com/main/images/template/countdown-area-bg.html]
[citizentrustonlinebk.com/main/images/template/download-bg.html]
[citizentrustonlinebk.com/main/images/template/image-content-bg.html]
[citizentrustonlinebk.com/main/images/template/contact-bg.html]
[citizentrustonlinebk.com/main/images/template/call-back-form-bg.html]
[citizentrustonlinebk.com/main/images/template/call-back-form-bg-2.html]
[citizentrustonlinebk.com/facebook.html]
[citizentrustonlinebk.com/google.html]
[citizentrustonlinebk.com/images/slider/theMouse.html]
[citizentrustonlinebk.com/images/slider/lock-open.html]
[citizentrustonlinebk.com/images/modal/internet-banking.html]
[citizentrustonlinebk.com/images/slider/frgtPass.html]
[citizentrustonlinebk.com/Credit-Cards.html]
[citizentrustonlinebk.com/Debit-Cards.html]
[citizentrustonlinebk.com/ATM-Cards.html]
[citizentrustonlinebk.com/main/images/index.html]
[citizentrustonlinebk.com/main/js/index.html]
[citizentrustonlinebk.com/Mobile-Wallet.html]
[citizentrustonlinebk.com/main/images/about/trading-against-life.html]
[citizentrustonlinebk.com/main/images/about/battery-life.html]
[citizentrustonlinebk.com/main/images/security/security__footer-bg.html]
[citizentrustonlinebk.com/images/xbg_reg.jpg.pagespeed.ic.ufPUIaGYX7.html]
[citizentrustonlinebk.com/images/slider/xmobile_slider.png.pagespeed.ic.3nqiv0B8PA.html]
[citizentrustonlinebk.com/images/slider/xlock-open.png.pagespeed.ic.AoSbGasDJO.html]
[citizentrustonlinebk.com/images/modal/internet-banking.gif.pagespeed.ce.zSYV8PG9gk.html]
[citizentrustonlinebk.com/main/indexc052.html]
[citizentrustonlinebk.com/main/indexf8a0.html]
[citizentrustonlinebk.com/main/indexbfec.html]
[citizentrustonlinebk.com/main/index30b5.html]
[citizentrustonlinebk.com/main/indexb70a.html]
[citizentrustonlinebk.com/main/index72c9.html]
[citizentrustonlinebk.com/main/index5851.html]
[citizentrustonlinebk.com/main/indexad3f.html]
[citizentrustonlinebk.com/main/assets/index.html]
[citizentrustonlinebk.com/main/assets/indexc052.html]
[citizentrustonlinebk.com/main/assets/indexf8a0.html]
[citizentrustonlinebk.com/main/assets/indexbfec.html]
[citizentrustonlinebk.com/main/assets/index30b5.html]
[citizentrustonlinebk.com/main/css/index.html]
[citizentrustonlinebk.com/main/assets/css/index.html]
[citizentrustonlinebk.com/main/assets/fonts/index.html]
[citizentrustonlinebk.com/main/assets/img/index.html]
[citizentrustonlinebk.com/main/assets/js/index.html]
[citizentrustonlinebk.com/main/css/indexc052.html]
[citizentrustonlinebk.com/main/css/indexf8a0.html]
[citizentrustonlinebk.com/main/css/indexbfec.html]
[citizentrustonlinebk.com/main/css/index30b5.html]
[citizentrustonlinebk.com/main/dashboard/index.html]
[citizentrustonlinebk.com/main/dashboard/indexc052.html]
[citizentrustonlinebk.com/main/dashboard/indexf8a0.html]
[citizentrustonlinebk.com/main/dashboard/indexbfec.html]
[citizentrustonlinebk.com/main/dashboard/index30b5.html]
[citizentrustonlinebk.com/main/images/logooo.png]
[citizentrustonlinebk.com/main/images/indexc052.html]
[citizentrustonlinebk.com/main/images/indexf8a0.html]
[citizentrustonlinebk.com/main/images/indexbfec.html]
[citizentrustonlinebk.com/main/images/index30b5.html]
[citizentrustonlinebk.com/main/images/Prepaid Card/index.html]
[citizentrustonlinebk.com/main/images/xbg_reg.jpg.pagespeed.ic.ufPUIaGYX7.html]
[citizentrustonlinebk.com/main/images/index.html]
[citizentrustonlinebk.com/main/images/about/index.html]
[citizentrustonlinebk.com/main/js/index.html]
[citizentrustonlinebk.com/main/images/call-to-action/index.html]
[citizentrustonlinebk.com/main/images/contact/index.html]
[citizentrustonlinebk.com/main/images/feature-box/index.html]
[citizentrustonlinebk.com/register-2.html]
[citizentrustonlinebk.com/main/images/modal/index.html]
[citizentrustonlinebk.com/contact-us-2.html]
[citizentrustonlinebk.com/main/images/partnership/index.html]
[citizentrustonlinebk.com/login-2.html]
[citizentrustonlinebk.com/main/images/product/index.html]
[citizentrustonlinebk.com/main/images/security/index.html]
[citizentrustonlinebk.com/images/xbg_reg.jpg.pagespeed.ic.ufPUIaGYX7-2.html]
[citizentrustonlinebk.com/main/images/slider/index.html]
[citizentrustonlinebk.com/images/slider/xmobile_slider.png.pagespeed.ic.3nqiv0B8PA-2.html]
[citizentrustonlinebk.com/main/images/tab/index.html]
[citizentrustonlinebk.com/images/slider/xlock-open.png.pagespeed.ic.AoSbGasDJO-2.html]
[citizentrustonlinebk.com/main/images/team/index.html]
[citizentrustonlinebk.com/main/images/template/index.html]
[citizentrustonlinebk.com/images/modal/internet-banking.gif.pagespeed.ce.zSYV8PG9gk-2.html]
[citizentrustonlinebk.com/main/images/verification/index.html]
[citizentrustonlinebk.com/main/indexb70a.html]
[citizentrustonlinebk.com/main/js/indexc052.html]
[citizentrustonlinebk.com/main/index72c9.html]
[citizentrustonlinebk.com/main/index5851.html]
[citizentrustonlinebk.com/main/indexad3f.html]
[citizentrustonlinebk.com/main/assets/indexc052.html]
[citizentrustonlinebk.com/main/js/indexf8a0.html]
[citizentrustonlinebk.com/main/js/indexbfec.html]
[citizentrustonlinebk.com/main/assets/indexf8a0.html]
[citizentrustonlinebk.com/main/assets/indexbfec.html]
[citizentrustonlinebk.com/main/js/index30b5.html]
[citizentrustonlinebk.com/main/assets/index30b5.html]
[citizentrustonlinebk.com/main/assets/indexb70a.html]
[citizentrustonlinebk.com/main/assets/css/index.html]
[citizentrustonlinebk.com/main/assets/index72c9.html]
[citizentrustonlinebk.com/main/assets/index5851.html]
[citizentrustonlinebk.com/main/assets/indexad3f.html]
[citizentrustonlinebk.com/main/assets/css/indexc052.html]
[citizentrustonlinebk.com/main/assets/css/indexbfec.html]
[citizentrustonlinebk.com/main/assets/css/indexf8a0.html]
[citizentrustonlinebk.com/main/assets/fonts/fontawesome-webfont3e6e3e6e3e6e3e6e-2.html]
[citizentrustonlinebk.com/main/assets/css/index30b5.html]
[citizentrustonlinebk.com/main/assets/fonts/indexf8a0.html]
[citizentrustonlinebk.com/main/assets/fonts/indexc052.html]
[citizentrustonlinebk.com/main/assets/fonts/indexbfec.html]
[citizentrustonlinebk.com/main/assets/fonts/fontawesome-webfont3e6e3e6e3e6e3e6e-3.html]
[citizentrustonlinebk.com/main/assets/fonts/index30b5.html]
[citizentrustonlinebk.com/main/assets/fonts/fontawesome-webfont3e6e3e6e3e6e3e6e-4.html]
[citizentrustonlinebk.com/main/assets/fonts/fontawesome-webfont3e6e3e6e3e6e3e6e.html]
[citizentrustonlinebk.com/main/assets/fonts/fontawesome-webfont3e6e3e6e3e6e3e6e.woff2]
[citizentrustonlinebk.com/main/assets/fonts/fontawesome-webfontd41dd41dd41dd41d.html]
[citizentrustonlinebk.com/main/assets/fonts/glyphicons-halflings-regulard41dd41dd41dd41d.html]
[citizentrustonlinebk.com/main/assets/fonts/themify9f249f249f249f24-2.html]
[citizentrustonlinebk.com/main/assets/fonts/themify9f249f249f249f24-3.html]
[citizentrustonlinebk.com/main/assets/fonts/themify9f249f249f249f24.html]
[citizentrustonlinebk.com/main/assets/fonts/themify9f249f249f249f24.woff]
[citizentrustonlinebk.com/main/assets/fonts/themifyd41dd41dd41dd41d.html]
[citizentrustonlinebk.com/main/assets/fonts/index.html]
[citizentrustonlinebk.com/main/assets/img/index.html]
[citizentrustonlinebk.com/main/assets/js/index.html]
[citizentrustonlinebk.com/main/css/indexc052.html]
[citizentrustonlinebk.com/main/assets/img/indexc052.html]
[citizentrustonlinebk.com/main/assets/img/indexf8a0.html]
[citizentrustonlinebk.com/main/assets/img/indexbfec.html]
[citizentrustonlinebk.com/main/assets/img/index30b5.html]
[citizentrustonlinebk.com/main/css/indexf8a0.html]
[citizentrustonlinebk.com/main/assets/js/indexc052.html]
[citizentrustonlinebk.com/main/assets/js/indexbfec.html]
[citizentrustonlinebk.com/main/assets/js/indexf8a0.html]
[citizentrustonlinebk.com/main/assets/js/index30b5.html]
[citizentrustonlinebk.com/main/css/indexbfec.html]
[citizentrustonlinebk.com/main/css/index30b5.html]
[citizentrustonlinebk.com/main/css/indexb70a.html]
[citizentrustonlinebk.com/main/dashboard/indexc052.html]
[citizentrustonlinebk.com/main/css/index72c9.html]
[citizentrustonlinebk.com/main/css/index5851.html]
[citizentrustonlinebk.com/main/css/indexad3f.html]
[citizentrustonlinebk.com/main/dashboard/indexf8a0.html]
[citizentrustonlinebk.com/main/dashboard/indexbfec.html]
[citizentrustonlinebk.com/main/dashboard/index30b5.html]
[citizentrustonlinebk.com/main/dashboard/indexb70a.html]
[citizentrustonlinebk.com/main/dashboard/dash_style.css]
[citizentrustonlinebk.com/main/images/indexc052.html]
[citizentrustonlinebk.com/main/dashboard/index72c9.html]
[citizentrustonlinebk.com/main/dashboard/index5851.html]
[citizentrustonlinebk.com/main/dashboard/indexad3f.html]
[citizentrustonlinebk.com/main/images/indexf8a0.html]
[citizentrustonlinebk.com/main/images/indexbfec.html]
[citizentrustonlinebk.com/main/images/index30b5.html]
[citizentrustonlinebk.com/main/images/indexb70a.html]
[citizentrustonlinebk.com/main/images/Prepaid Card/index.html]
[citizentrustonlinebk.com/main/images/index72c9.html]
[citizentrustonlinebk.com/main/images/index5851.html]
[citizentrustonlinebk.com/main/images/indexad3f.html]
[citizentrustonlinebk.com/main/images/Prepaid Card/indexc052.html]
[citizentrustonlinebk.com/main/images/Prepaid Card/indexf8a0.html]
[citizentrustonlinebk.com/main/images/Prepaid Card/index30b5.html]
[citizentrustonlinebk.com/main/images/Prepaid Card/indexbfec.html]
[citizentrustonlinebk.com/main/images/about/battery-life-2.html]
[citizentrustonlinebk.com/main/images/about/indexf8a0.html]
[citizentrustonlinebk.com/main/images/about/indexc052.html]
[citizentrustonlinebk.com/main/images/about/indexbfec.html]
[citizentrustonlinebk.com/main/images/about/index30b5.html]
[citizentrustonlinebk.com/main/images/about/trading-against-life-2.html]
[citizentrustonlinebk.com/main/images/about/index.html]
[citizentrustonlinebk.com/main/images/call-to-action/index.html]
[citizentrustonlinebk.com/main/images/call-to-action/indexf8a0.html]
[citizentrustonlinebk.com/main/images/call-to-action/index30b5.html]
[citizentrustonlinebk.com/main/images/call-to-action/indexc052.html]
[citizentrustonlinebk.com/main/images/call-to-action/indexbfec.html]
[citizentrustonlinebk.com/main/images/contact/index.html]
[citizentrustonlinebk.com/main/images/contact/indexf8a0.html]
[citizentrustonlinebk.com/main/images/contact/indexbfec.html]
[citizentrustonlinebk.com/main/images/contact/indexc052.html]
[citizentrustonlinebk.com/main/images/contact/index30b5.html]
[citizentrustonlinebk.com/main/images/feature-box/index.html]
[citizentrustonlinebk.com/main/images/feature-box/indexc052.html]
[citizentrustonlinebk.com/main/images/feature-box/indexf8a0.html]
[citizentrustonlinebk.com/main/images/feature-box/indexbfec.html]
[citizentrustonlinebk.com/main/images/feature-box/index30b5.html]
[citizentrustonlinebk.com/main/images/modal/indexf8a0.html]
[citizentrustonlinebk.com/main/images/modal/indexbfec.html]
[citizentrustonlinebk.com/main/images/modal/indexc052.html]
[citizentrustonlinebk.com/main/images/modal/index30b5.html]
[citizentrustonlinebk.com/main/images/modal/internet-banking.gif.pagespeed.ce.zSYV8PG9gk.html]
[citizentrustonlinebk.com/main/images/modal/index.html]
[citizentrustonlinebk.com/main/images/partnership/indexc052.html]
[citizentrustonlinebk.com/main/images/partnership/Capital Bank-atm.jpg]
[citizentrustonlinebk.com/main/images/partnership/index.html]
[citizentrustonlinebk.com/main/images/product/index.html]
[citizentrustonlinebk.com/main/images/partnership/indexf8a0.html]
[citizentrustonlinebk.com/main/images/partnership/indexbfec.html]
[citizentrustonlinebk.com/main/images/partnership/index30b5.html]
[citizentrustonlinebk.com/main/images/product/indexc052.html]
[citizentrustonlinebk.com/main/images/product/indexf8a0.html]
[citizentrustonlinebk.com/main/images/product/indexbfec.html]
[citizentrustonlinebk.com/main/images/security/security__footer-bg-2.html]
[citizentrustonlinebk.com/main/images/security/index.html]
[citizentrustonlinebk.com/main/images/product/index30b5.html]
[citizentrustonlinebk.com/main/images/security/indexc052.html]
[citizentrustonlinebk.com/main/images/security/indexf8a0.html]
[citizentrustonlinebk.com/main/images/security/indexbfec.html]
[citizentrustonlinebk.com/main/images/security/index30b5.html]
[citizentrustonlinebk.com/main/images/slider/apbg.png]
[citizentrustonlinebk.com/main/images/slider/indexc052.html]
[citizentrustonlinebk.com/main/images/slider/indexf8a0.html]
[citizentrustonlinebk.com/main/images/slider/indexbfec.html]
[citizentrustonlinebk.com/main/images/slider/index30b5.html]
[citizentrustonlinebk.com/main/images/slider/d.jpg]
[citizentrustonlinebk.com/main/images/slider/forex-bg.jpg]
[citizentrustonlinebk.com/main/images/slider/xlock-open.png.pagespeed.ic.AoSbGasDJO.html]
[citizentrustonlinebk.com/main/images/slider/xmobile_slider.png.pagespeed.ic.3nqiv0B8PA.html]
[citizentrustonlinebk.com/main/images/slider/index.html]
[citizentrustonlinebk.com/main/images/tab/indexf8a0.html]
[citizentrustonlinebk.com/main/images/tab/googleapp.png]
[citizentrustonlinebk.com/main/images/tab/index.html]
[citizentrustonlinebk.com/main/images/team/index.html]
[citizentrustonlinebk.com/main/images/tab/indexbfec.html]
[citizentrustonlinebk.com/main/images/tab/indexc052.html]
[citizentrustonlinebk.com/main/images/template/index.html]
[citizentrustonlinebk.com/main/images/tab/index30b5.html]
[citizentrustonlinebk.com/main/images/team/indexc052.html]
[citizentrustonlinebk.com/main/images/team/indexf8a0.html]
[citizentrustonlinebk.com/main/images/team/indexbfec.html]
[citizentrustonlinebk.com/main/images/team/index30b5.html]
[citizentrustonlinebk.com/main/images/template/indexf8a0.html]
[citizentrustonlinebk.com/main/images/verification/document-capture.png]
[citizentrustonlinebk.com/main/images/template/indexc052.html]
[citizentrustonlinebk.com/main/images/verification/index.html]
[citizentrustonlinebk.com/main/images/template/indexbfec.html]
[citizentrustonlinebk.com/main/images/xbg_reg.jpg.pagespeed.ic.ufPUIaGYX7.html]
[citizentrustonlinebk.com/main/images/template/index30b5.html]
[citizentrustonlinebk.com/main/images/verification/indexc052.html]
[citizentrustonlinebk.com/main/js/indexc052.html]
[citizentrustonlinebk.com/main/images/verification/indexf8a0.html]
[citizentrustonlinebk.com/main/js/indexf8a0.html]
[citizentrustonlinebk.com/main/images/verification/indexbfec.html]
[citizentrustonlinebk.com/main/js/indexbfec.html]
[citizentrustonlinebk.com/main/images/verification/index30b5.html]
[citizentrustonlinebk.com/main/js/index30b5.html]
[citizentrustonlinebk.com/main/js/indexb70a.html]
[citizentrustonlinebk.com/main/assets/indexb70a.html]
[citizentrustonlinebk.com/main/assets/index72c9.html]
[citizentrustonlinebk.com/main/assets/index5851.html]
[citizentrustonlinebk.com/main/assets/indexad3f.html]
[citizentrustonlinebk.com/main/assets/css/indexc052.html]
[citizentrustonlinebk.com/main/js/index72c9.html]
[citizentrustonlinebk.com/main/assets/css/indexf8a0.html]
[citizentrustonlinebk.com/main/js/index5851.html]
[citizentrustonlinebk.com/main/assets/css/indexbfec.html]
[citizentrustonlinebk.com/main/js/indexad3f.html]
[citizentrustonlinebk.com/main/assets/css/index30b5.html]
[citizentrustonlinebk.com/main/assets/css/indexb70a.html]
[citizentrustonlinebk.com/main/assets/fonts/indexc052.html]
[citizentrustonlinebk.com/main/assets/css/index72c9.html]
[citizentrustonlinebk.com/main/assets/fonts/indexf8a0.html]
[citizentrustonlinebk.com/main/assets/css/index5851.html]
[citizentrustonlinebk.com/main/assets/fonts/indexbfec.html]
[citizentrustonlinebk.com/main/assets/css/indexad3f.html]
[citizentrustonlinebk.com/main/assets/fonts/index30b5.html]
[citizentrustonlinebk.com/main/assets/fonts/indexb70a.html]
[citizentrustonlinebk.com/main/assets/fonts/fontawesome-webfont3e6e3e6e3e6e3e6e-2.html]
[citizentrustonlinebk.com/main/assets/fonts/fontawesome-webfont3e6e3e6e3e6e3e6e-3.html]
[citizentrustonlinebk.com/main/assets/fonts/fontawesome-webfont3e6e3e6e3e6e3e6e-4.html]
[citizentrustonlinebk.com/main/assets/fonts/fontawesome-webfont3e6e3e6e3e6e3e6e.html]
[citizentrustonlinebk.com/main/assets/fonts/fontawesome-webfontd41dd41dd41dd41d.html]
[citizentrustonlinebk.com/main/assets/fonts/glyphicons-halflings-regulard41dd41dd41dd41d.html]
[citizentrustonlinebk.com/main/assets/fonts/themify9f249f249f249f24-2.html]
[citizentrustonlinebk.com/main/assets/fonts/themify9f249f249f249f24-3.html]
[citizentrustonlinebk.com/main/assets/fonts/themify9f249f249f249f24.html]
[citizentrustonlinebk.com/main/assets/fonts/themifyd41dd41dd41dd41d.html]
[citizentrustonlinebk.com/main/assets/img/indexc052.html]
[citizentrustonlinebk.com/main/assets/fonts/index72c9.html]
[citizentrustonlinebk.com/main/assets/img/indexf8a0.html]
[citizentrustonlinebk.com/main/assets/fonts/index5851.html]
[citizentrustonlinebk.com/main/assets/img/indexbfec.html]
[citizentrustonlinebk.com/main/assets/fonts/indexad3f.html]
[citizentrustonlinebk.com/main/assets/img/index30b5.html]
[citizentrustonlinebk.com/main/assets/img/indexb70a.html]
[citizentrustonlinebk.com/main/assets/js/indexc052.html]
[citizentrustonlinebk.com/main/assets/img/index72c9.html]
[citizentrustonlinebk.com/main/assets/js/indexf8a0.html]
[citizentrustonlinebk.com/main/assets/img/index5851.html]
[citizentrustonlinebk.com/main/assets/js/indexbfec.html]
[citizentrustonlinebk.com/main/assets/img/indexad3f.html]
[citizentrustonlinebk.com/main/assets/js/index30b5.html]
[citizentrustonlinebk.com/main/assets/js/indexb70a.html]
[citizentrustonlinebk.com/main/css/indexb70a.html]
[citizentrustonlinebk.com/main/css/index72c9.html]
[citizentrustonlinebk.com/main/css/index5851.html]
[citizentrustonlinebk.com/main/css/indexad3f.html]
[citizentrustonlinebk.com/main/dashboard/indexb70a.html]
[citizentrustonlinebk.com/main/dashboard/index72c9.html]
[citizentrustonlinebk.com/main/dashboard/index5851.html]
[citizentrustonlinebk.com/main/dashboard/indexad3f.html]
[citizentrustonlinebk.com/main/images/indexb70a.html]
[citizentrustonlinebk.com/main/images/index72c9.html]
[citizentrustonlinebk.com/main/images/index5851.html]
[citizentrustonlinebk.com/main/images/indexad3f.html]
[citizentrustonlinebk.com/main/images/Prepaid Card/indexc052.html]
[citizentrustonlinebk.com/main/assets/js/index72c9.html]
[citizentrustonlinebk.com/main/images/Prepaid Card/indexf8a0.html]
[citizentrustonlinebk.com/main/assets/js/index5851.html]
[citizentrustonlinebk.com/main/images/Prepaid Card/indexbfec.html]
[citizentrustonlinebk.com/main/assets/js/indexad3f.html]
[citizentrustonlinebk.com/main/images/Prepaid Card/index30b5.html]
[citizentrustonlinebk.com/main/images/Prepaid Card/indexb70a.html]
[citizentrustonlinebk.com/main/images/about/indexc052.html]
[citizentrustonlinebk.com/main/images/Prepaid Card/index72c9.html]
[citizentrustonlinebk.com/main/images/about/indexf8a0.html]
[citizentrustonlinebk.com/main/images/Prepaid Card/index5851.html]
[citizentrustonlinebk.com/main/images/about/indexbfec.html]
[citizentrustonlinebk.com/main/images/Prepaid Card/indexad3f.html]
[citizentrustonlinebk.com/main/images/about/index30b5.html]
[citizentrustonlinebk.com/main/images/about/indexb70a.html]
[citizentrustonlinebk.com/main/images/about/battery-life-2.html]
[citizentrustonlinebk.com/main/images/about/trading-against-life-2.html]
[citizentrustonlinebk.com/main/images/call-to-action/indexc052.html]
[citizentrustonlinebk.com/main/images/about/index72c9.html]
[citizentrustonlinebk.com/main/images/call-to-action/indexf8a0.html]
[citizentrustonlinebk.com/main/images/about/index5851.html]
[citizentrustonlinebk.com/main/images/call-to-action/indexbfec.html]
[citizentrustonlinebk.com/main/images/about/indexad3f.html]
[citizentrustonlinebk.com/main/images/call-to-action/index30b5.html]
[citizentrustonlinebk.com/main/images/call-to-action/indexb70a.html]
[citizentrustonlinebk.com/main/images/contact/indexc052.html]
[citizentrustonlinebk.com/main/images/call-to-action/index72c9.html]
[citizentrustonlinebk.com/main/images/contact/indexf8a0.html]
[citizentrustonlinebk.com/main/images/call-to-action/index5851.html]
[citizentrustonlinebk.com/main/images/contact/indexbfec.html]
[citizentrustonlinebk.com/main/images/call-to-action/indexad3f.html]
[citizentrustonlinebk.com/main/images/contact/index30b5.html]
[citizentrustonlinebk.com/main/images/contact/indexb70a.html]
[citizentrustonlinebk.com/main/images/feature-box/indexc052.html]
[citizentrustonlinebk.com/main/images/contact/index72c9.html]
[citizentrustonlinebk.com/main/images/feature-box/indexf8a0.html]
[citizentrustonlinebk.com/main/images/contact/index5851.html]
[citizentrustonlinebk.com/main/images/feature-box/indexbfec.html]
[citizentrustonlinebk.com/main/images/contact/indexad3f.html]
[citizentrustonlinebk.com/main/images/feature-box/index30b5.html]
[citizentrustonlinebk.com/main/images/feature-box/indexb70a.html]
[citizentrustonlinebk.com/main/images/modal/indexc052.html]
[citizentrustonlinebk.com/main/images/feature-box/index72c9.html]
[citizentrustonlinebk.com/main/images/modal/indexf8a0.html]
[citizentrustonlinebk.com/main/images/feature-box/index5851.html]
[citizentrustonlinebk.com/main/images/modal/indexbfec.html]
[citizentrustonlinebk.com/main/images/feature-box/indexad3f.html]
[citizentrustonlinebk.com/main/images/modal/index30b5.html]
[citizentrustonlinebk.com/main/images/modal/indexb70a.html]
[citizentrustonlinebk.com/main/images/modal/internet-banking.gif.pagespeed.ce.zSYV8PG9gk.html]
[citizentrustonlinebk.com/main/images/partnership/indexc052.html]
[citizentrustonlinebk.com/main/images/modal/index72c9.html]
[citizentrustonlinebk.com/main/images/partnership/indexf8a0.html]
[citizentrustonlinebk.com/main/images/modal/index5851.html]
[citizentrustonlinebk.com/main/images/partnership/indexbfec.html]
[citizentrustonlinebk.com/main/images/partnership/indexb70a.html]
[citizentrustonlinebk.com/main/images/modal/indexad3f.html]
[citizentrustonlinebk.com/main/images/partnership/index30b5.html]
[citizentrustonlinebk.com/main/images/product/indexc052.html]
[citizentrustonlinebk.com/main/images/partnership/index72c9.html]
[citizentrustonlinebk.com/main/images/product/indexf8a0.html]
[citizentrustonlinebk.com/main/images/partnership/index5851.html]
[citizentrustonlinebk.com/main/images/product/indexbfec.html]
[citizentrustonlinebk.com/main/images/partnership/indexad3f.html]
[citizentrustonlinebk.com/main/images/product/indexb70a.html]
[citizentrustonlinebk.com/main/images/product/index30b5.html]
[citizentrustonlinebk.com/main/images/security/indexc052.html]
[citizentrustonlinebk.com/main/images/product/index72c9.html]
[citizentrustonlinebk.com/main/images/security/indexf8a0.html]
[citizentrustonlinebk.com/main/images/product/index5851.html]
[citizentrustonlinebk.com/main/images/security/indexbfec.html]
[citizentrustonlinebk.com/main/images/product/indexad3f.html]
[citizentrustonlinebk.com/main/images/security/indexb70a.html]
[citizentrustonlinebk.com/main/images/security/index30b5.html]
[citizentrustonlinebk.com/main/images/security/security__footer-bg-2.html]
[citizentrustonlinebk.com/main/images/slider/indexc052.html]
[citizentrustonlinebk.com/main/images/security/index72c9.html]
[citizentrustonlinebk.com/main/images/slider/indexf8a0.html]
[citizentrustonlinebk.com/main/images/security/index5851.html]
[citizentrustonlinebk.com/main/images/slider/indexbfec.html]
[citizentrustonlinebk.com/main/images/security/indexad3f.html]
[citizentrustonlinebk.com/main/images/slider/indexb70a.html]
[citizentrustonlinebk.com/main/images/slider/index30b5.html]
[citizentrustonlinebk.com/main/images/slider/xlock-open.png.pagespeed.ic.AoSbGasDJO.html]
[citizentrustonlinebk.com/main/images/slider/xmobile_slider.png.pagespeed.ic.3nqiv0B8PA.html]
[citizentrustonlinebk.com/main/images/tab/indexc052.html]
[citizentrustonlinebk.com/main/images/slider/index72c9.html]
[citizentrustonlinebk.com/main/images/tab/indexf8a0.html]
[citizentrustonlinebk.com/main/images/slider/index5851.html]
[citizentrustonlinebk.com/main/images/tab/indexbfec.html]
[citizentrustonlinebk.com/main/images/slider/indexad3f.html]
[citizentrustonlinebk.com/main/images/tab/indexb70a.html]
[citizentrustonlinebk.com/main/images/tab/index30b5.html]
[citizentrustonlinebk.com/main/images/team/indexc052.html]
[citizentrustonlinebk.com/main/images/tab/index72c9.html]
[citizentrustonlinebk.com/main/images/team/indexf8a0.html]
[citizentrustonlinebk.com/main/images/tab/index5851.html]
[citizentrustonlinebk.com/main/images/team/indexbfec.html]
[citizentrustonlinebk.com/main/images/tab/indexad3f.html]
[citizentrustonlinebk.com/main/images/team/indexb70a.html]
[citizentrustonlinebk.com/main/images/team/index30b5.html]
[citizentrustonlinebk.com/main/images/template/indexc052.html]
[citizentrustonlinebk.com/main/images/team/index72c9.html]
[citizentrustonlinebk.com/main/images/template/indexf8a0.html]
[citizentrustonlinebk.com/main/images/team/index5851.html]
[citizentrustonlinebk.com/main/images/template/indexbfec.html]
[citizentrustonlinebk.com/main/images/team/indexad3f.html]
[citizentrustonlinebk.com/main/images/template/indexb70a.html]
[citizentrustonlinebk.com/main/images/template/index30b5.html]
[citizentrustonlinebk.com/main/images/verification/indexc052.html]
[citizentrustonlinebk.com/main/images/template/index72c9.html]
[citizentrustonlinebk.com/main/images/verification/indexf8a0.html]
[citizentrustonlinebk.com/main/images/template/index5851.html]
[citizentrustonlinebk.com/main/images/verification/indexbfec.html]
[citizentrustonlinebk.com/main/images/template/indexad3f.html]
[citizentrustonlinebk.com/main/images/verification/indexb70a.html]
[citizentrustonlinebk.com/main/images/verification/index30b5.html]
[citizentrustonlinebk.com/main/js/indexb70a.html]
[citizentrustonlinebk.com/main/js/index72c9.html]
[citizentrustonlinebk.com/main/js/index5851.html]
[citizentrustonlinebk.com/main/js/indexad3f.html]
[citizentrustonlinebk.com/main/assets/css/indexb70a.html]
[citizentrustonlinebk.com/main/assets/css/index72c9.html]
[citizentrustonlinebk.com/main/assets/css/index5851.html]
[citizentrustonlinebk.com/main/assets/css/indexad3f.html]
[citizentrustonlinebk.com/main/assets/fonts/indexb70a.html]
[citizentrustonlinebk.com/main/assets/fonts/index72c9.html]
[citizentrustonlinebk.com/main/assets/fonts/index5851.html]
[citizentrustonlinebk.com/main/assets/fonts/indexad3f.html]
[citizentrustonlinebk.com/main/assets/img/indexb70a.html]
[citizentrustonlinebk.com/main/assets/img/index72c9.html]
[citizentrustonlinebk.com/main/assets/img/index5851.html]
[citizentrustonlinebk.com/main/assets/img/indexad3f.html]
[citizentrustonlinebk.com/main/assets/js/indexb70a.html]
[citizentrustonlinebk.com/main/assets/js/index72c9.html]
[citizentrustonlinebk.com/main/assets/js/index5851.html]
[citizentrustonlinebk.com/main/assets/js/indexad3f.html]
[citizentrustonlinebk.com/main/images/Prepaid Card/indexb70a.html]
[citizentrustonlinebk.com/main/images/Prepaid Card/index72c9.html]
[citizentrustonlinebk.com/main/images/Prepaid Card/index5851.html]
[citizentrustonlinebk.com/main/images/Prepaid Card/indexad3f.html]
[citizentrustonlinebk.com/main/images/about/indexb70a.html]
[citizentrustonlinebk.com/main/images/about/index72c9.html]
[citizentrustonlinebk.com/main/images/about/index5851.html]
[citizentrustonlinebk.com/main/images/about/indexad3f.html]
[citizentrustonlinebk.com/main/images/call-to-action/indexb70a.html]
[citizentrustonlinebk.com/main/images/call-to-action/index72c9.html]
[citizentrustonlinebk.com/main/images/call-to-action/index5851.html]
[citizentrustonlinebk.com/main/images/call-to-action/indexad3f.html]
[citizentrustonlinebk.com/main/images/contact/indexb70a.html]
[citizentrustonlinebk.com/main/images/contact/index72c9.html]
[citizentrustonlinebk.com/main/images/contact/index5851.html]
[citizentrustonlinebk.com/main/images/contact/indexad3f.html]
[citizentrustonlinebk.com/main/images/feature-box/indexb70a.html]
[citizentrustonlinebk.com/main/images/feature-box/index72c9.html]
[citizentrustonlinebk.com/main/images/feature-box/index5851.html]
[citizentrustonlinebk.com/main/images/feature-box/indexad3f.html]
[citizentrustonlinebk.com/main/images/modal/indexb70a.html]
[citizentrustonlinebk.com/main/images/modal/index72c9.html]
[citizentrustonlinebk.com/main/images/modal/index5851.html]
[citizentrustonlinebk.com/main/images/modal/indexad3f.html]
[citizentrustonlinebk.com/main/images/partnership/indexb70a.html]
[citizentrustonlinebk.com/main/images/partnership/index72c9.html]
[citizentrustonlinebk.com/main/images/partnership/index5851.html]
[citizentrustonlinebk.com/main/images/partnership/indexad3f.html]
[citizentrustonlinebk.com/main/images/product/indexb70a.html]
[citizentrustonlinebk.com/main/images/product/index72c9.html]
[citizentrustonlinebk.com/main/images/product/index5851.html]
[citizentrustonlinebk.com/main/images/product/indexad3f.html]
[citizentrustonlinebk.com/main/images/security/indexb70a.html]
[citizentrustonlinebk.com/main/images/security/index72c9.html]
[citizentrustonlinebk.com/main/images/security/index5851.html]
[citizentrustonlinebk.com/main/images/security/indexad3f.html]
[citizentrustonlinebk.com/main/images/slider/indexb70a.html]
[citizentrustonlinebk.com/main/images/slider/index72c9.html]
[citizentrustonlinebk.com/main/images/slider/index5851.html]
[citizentrustonlinebk.com/main/images/slider/indexad3f.html]
[citizentrustonlinebk.com/main/images/tab/indexb70a.html]
[citizentrustonlinebk.com/main/images/tab/index72c9.html]
[citizentrustonlinebk.com/main/images/tab/index5851.html]
[citizentrustonlinebk.com/main/images/tab/indexad3f.html]
[citizentrustonlinebk.com/main/images/team/indexb70a.html]
[citizentrustonlinebk.com/main/images/team/index72c9.html]
[citizentrustonlinebk.com/main/images/team/index5851.html]
[citizentrustonlinebk.com/main/images/team/indexad3f.html]
[citizentrustonlinebk.com/main/images/template/indexb70a.html]
[citizentrustonlinebk.com/main/images/template/index72c9.html]
[citizentrustonlinebk.com/main/images/template/index5851.html]
[citizentrustonlinebk.com/main/images/template/indexad3f.html]
[citizentrustonlinebk.com/main/images/verification/indexb70a.html]
[citizentrustonlinebk.com/main/images/verification/index72c9.html]
[citizentrustonlinebk.com/main/images/verification/index72c9.html]
[citizentrustonlinebk.com/main/images/verification/index5851.html]
[citizentrustonlinebk.com/main/images/verification/index5851.html]
[citizentrustonlinebk.com/main/images/verification/indexad3f.html]
[citizentrustonlinebk.com/main/images/verification/indexad3f.html]
